// Jest Snapshot v1, https://goo.gl/fbAQLP

exports[`<Modal /> snapshot 1`] = `
<div
  className="ui page modals dimmer transition visible active"
>
  <div
    className="ui modal transition visible active"
    style={Object {}}
  >
    Inside my modal!
  </div>
</div>
`;
